// Vitest Snapshot v1, https://vitest.dev/guide/snapshot.html

exports[`Pipeline snapshot 1`] = `
<div>
  <span
    class="qc-pipeline"
  >
    <span
      class="qc-node-wrapper undefined qc-size-m qc-intent-success  "
    >
      <span
        class="qc-node "
      >
        <span
          class="qc-top-right-icon qc-size-m qc-intent-success"
        >
          1
        </span>
        <span
          class="qc-node-icon"
        >
          <svg
            class="tabler-icon tabler-icon-2fa"
            fill="none"
            height="24"
            stroke="currentColor"
            stroke-linecap="round"
            stroke-linejoin="round"
            stroke-width="2"
            viewBox="0 0 24 24"
            width="24"
            xmlns="http://www.w3.org/2000/svg"
          >
            <path
              d="M7 16h-4l3.47 -4.66a2 2 0 1 0 -3.47 -1.54"
            />
            <path
              d="M10 16v-8h4"
            />
            <path
              d="M10 12l3 0"
            />
            <path
              d="M17 16v-6a2 2 0 0 1 4 0v6"
            />
            <path
              d="M17 13l4 0"
            />
          </svg>
        </span>
      </span>
    </span>
    <div
      class="qc-pipe-wrapper qc-size-s qc-intent-success "
    >
      <div
        class="qc-pipe-loading-wrapper"
      >
        <div
          class="qc-pipe"
        />
      </div>
    </div>
    <span
      class="qc-node-wrapper undefined qc-size-m qc-intent-success  "
    >
      <span
        class="qc-node "
      >
        <span
          class="qc-top-right-icon qc-size-m qc-intent-success"
        >
          1
        </span>
        <span
          class="qc-node-icon"
        >
          <svg
            class="tabler-icon tabler-icon-award"
            fill="none"
            height="24"
            stroke="currentColor"
            stroke-linecap="round"
            stroke-linejoin="round"
            stroke-width="2"
            viewBox="0 0 24 24"
            width="24"
            xmlns="http://www.w3.org/2000/svg"
          >
            <path
              d="M12 9m-6 0a6 6 0 1 0 12 0a6 6 0 1 0 -12 0"
            />
            <path
              d="M12 15l3.4 5.89l1.598 -3.233l3.598 .232l-3.4 -5.889"
            />
            <path
              d="M6.802 12l-3.4 5.89l3.598 -.233l1.598 3.232l3.4 -5.889"
            />
          </svg>
        </span>
      </span>
    </span>
    <div
      class="qc-pipe-wrapper qc-size-s qc-intent-success "
    >
      <div
        class="qc-pipe-loading-wrapper"
      >
        <div
          class="qc-pipe"
        />
      </div>
    </div>
    <span
      class="qc-node-wrapper undefined qc-size-m qc-intent-in-progress qc-state-active "
    >
      <span
        class="qc-node "
      >
        <span
          class="qc-node-icon"
        >
          <svg
            class="tabler-icon tabler-icon-clock"
            fill="none"
            height="24"
            stroke="currentColor"
            stroke-linecap="round"
            stroke-linejoin="round"
            stroke-width="2"
            viewBox="0 0 24 24"
            width="24"
            xmlns="http://www.w3.org/2000/svg"
          >
            <path
              d="M3 12a9 9 0 1 0 18 0a9 9 0 0 0 -18 0"
            />
            <path
              d="M12 7v5l3 3"
            />
          </svg>
        </span>
      </span>
    </span>
    <div
      class="qc-pipe-wrapper qc-size-s qc-intent-in-progress qc-state-active"
    >
      <div
        class="qc-pipe-loading-wrapper"
        style="width: 30%;"
      >
        <div
          class="qc-pipe"
        />
      </div>
    </div>
    <span
      class="qc-node-wrapper undefined qc-size-m qc-intent-none  "
    >
      <span
        class="qc-node "
      >
        <span
          class="qc-node-icon"
        >
          <svg
            class="tabler-icon tabler-icon-3d-rotate"
            fill="none"
            height="24"
            stroke="currentColor"
            stroke-linecap="round"
            stroke-linejoin="round"
            stroke-width="2"
            viewBox="0 0 24 24"
            width="24"
            xmlns="http://www.w3.org/2000/svg"
          >
            <path
              d="M12 3a7 7 0 0 1 7 7v4l-3 -3"
            />
            <path
              d="M22 11l-3 3"
            />
            <path
              d="M8 15.5l-5 -3l5 -3l5 3v5.5l-5 3z"
            />
            <path
              d="M3 12.5v5.5l5 3"
            />
            <path
              d="M8 15.545l5 -3.03"
            />
          </svg>
        </span>
      </span>
    </span>
  </span>
</div>
`;
